// Jest Snapshot v1, https://goo.gl/fbAQLP

exports[`Should be on the main page: <h1>Home</h1> 1`] = `
<h1>
  Home
</h1>
`;
